=== width=72 screen=80 nerd=false ===
Intro paragraph before code:

[2m╭───────────────────────────────────────────────────────────────── [m[34mGo[m[2m ─╮[m
[2m│[m [35mfunc[m [34mmain[m() {                                                        [2m│[m
[2m│[m     fmt.[34mPrintln[m([32m"hi"[m)                                                [2m│[m
[2m│[m                                                                      [2m│[m
[2m│[m     [35mreturn[m                                                           [2m│[m
[2m│[m }                                                                    [2m│[m
[2m╰──────────────────────────────────────────────────────────────────────╯[m

Text right after the code block lands in its own paragraph.

[2m╭───────────────────────────────────────────────────────────────────── [m[32mBash[m[2m ─╮[m
[2m│[m curl [34m-sS[m https://example.com/really/long/path/that/keeps/going/and/going | [2m│[m
[2m│[m jq [34m-r[m .items[31m[][m.name                                                        [2m│[m
[2m╰────────────────────────────────────────────────────────────────────────────╯[m

Closing paragraph.
=== width=72 screen=80 nerd=true ===
Intro paragraph before code:

[2m╭───────────────────────────────────────────────────────────────── [m[34mGo[m[2m ─╮[m
[2m│[m [35mfunc[m [34mmain[m() {                                                        [2m│[m
[2m│[m     fmt.[34mPrintln[m([32m"hi"[m)                                                [2m│[m
[2m│[m                                                                      [2m│[m
[2m│[m     [35mreturn[m                                                           [2m│[m
[2m│[m }                                                                    [2m│[m
[2m╰──────────────────────────────────────────────────────────────────────╯[m

Text right after the code block lands in its own paragraph.

[2m╭───────────────────────────────────────────────────────────────────── [m[32mBash[m[2m ─╮[m
[2m│[m curl [34m-sS[m https://example.com/really/long/path/that/keeps/going/and/going | [2m│[m
[2m│[m jq [34m-r[m .items[31m[][m.name                                                        [2m│[m
[2m╰────────────────────────────────────────────────────────────────────────────╯[m

Closing paragraph.
=== width=40 screen=44 nerd=false ===
Intro paragraph before code:

[2m╭───────────────────────────────── [m[34mGo[m[2m ─╮[m
[2m│[m [35mfunc[m [34mmain[m() {                        [2m│[m
[2m│[m     fmt.[34mPrintln[m([32m"hi"[m)                [2m│[m
[2m│[m                                      [2m│[m
[2m│[m     [35mreturn[m                           [2m│[m
[2m│[m }                                    [2m│[m
[2m╰──────────────────────────────────────╯[m

Text right after the code block lands in
its own paragraph.

[2m╭─────────────────────────────────── [m[32mBash[m[2m ─╮[m
[2m│[m curl [34m-sS[m                                 [2m│[m
[2m│[m https://example.com/really/long/path/tha [2m│[m
[2m│[m t/keeps/going/and/going | jq [34m-r[m          [2m│[m
[2m│[m .items[31m[][m.name                            [2m│[m
[2m╰──────────────────────────────────────────╯[m

Closing paragraph.
=== width=40 screen=44 nerd=true ===
Intro paragraph before code:

[2m╭───────────────────────────────── [m[34mGo[m[2m ─╮[m
[2m│[m [35mfunc[m [34mmain[m() {                        [2m│[m
[2m│[m     fmt.[34mPrintln[m([32m"hi"[m)                [2m│[m
[2m│[m                                      [2m│[m
[2m│[m     [35mreturn[m                           [2m│[m
[2m│[m }                                    [2m│[m
[2m╰──────────────────────────────────────╯[m

Text right after the code block lands in
its own paragraph.

[2m╭─────────────────────────────────── [m[32mBash[m[2m ─╮[m
[2m│[m curl [34m-sS[m                                 [2m│[m
[2m│[m https://example.com/really/long/path/tha [2m│[m
[2m│[m t/keeps/going/and/going | jq [34m-r[m          [2m│[m
[2m│[m .items[31m[][m.name                            [2m│[m
[2m╰──────────────────────────────────────────╯[m

Closing paragraph.
