=== width=72 screen=80 nerd=false ===
Intro paragraph before code:

[2m╭───────────────────────────────────────────────────────────────── [m[34mGo[m[2m ─╮[m
[2m│[m [35mfunc[m [34mmain[m() {                                                        [2m│[m
[2m│[m     fmt.[34mPrintln[m([32m"hi"[m)                                                [2m│[m
[2m│[m                                                                      [2m│[m
[2m│[m     [35mreturn[m                                                           [2m│[m
[2m│[m }                                                                    [2m│[m
[2m╰──────────────────────────────────────────────────────────────────────╯[m

Text right after the code block lands in its own paragraph.

[2m╭────────────────────────────────────────────────────────────────────────────╮[m
[2m│[m [2mcurl -sS https://example.com/really/long/path/that/keeps/going/and/going |[0m [2m│[m
[2m│[m [2mjq -r .items[].name[0m                                                        [2m│[m
[2m╰────────────────────────────────────────────────────────────────────────────╯[m

Closing paragraph.
=== width=72 screen=80 nerd=true ===
Intro paragraph before code:

[2m╭───────────────────────────────────────────────────────────────── [m[34mGo[m[2m ─╮[m
[2m│[m [35mfunc[m [34mmain[m() {                                                        [2m│[m
[2m│[m     fmt.[34mPrintln[m([32m"hi"[m)                                                [2m│[m
[2m│[m                                                                      [2m│[m
[2m│[m     [35mreturn[m                                                           [2m│[m
[2m│[m }                                                                    [2m│[m
[2m╰──────────────────────────────────────────────────────────────────────╯[m

Text right after the code block lands in its own paragraph.

[2m╭────────────────────────────────────────────────────────────────────────────╮[m
[2m│[m [2mcurl -sS https://example.com/really/long/path/that/keeps/going/and/going |[0m [2m│[m
[2m│[m [2mjq -r .items[].name[0m                                                        [2m│[m
[2m╰────────────────────────────────────────────────────────────────────────────╯[m

Closing paragraph.
=== width=40 screen=44 nerd=false ===
Intro paragraph before code:

[2m╭───────────────────────────────── [m[34mGo[m[2m ─╮[m
[2m│[m [35mfunc[m [34mmain[m() {                        [2m│[m
[2m│[m     fmt.[34mPrintln[m([32m"hi"[m)                [2m│[m
[2m│[m                                      [2m│[m
[2m│[m     [35mreturn[m                           [2m│[m
[2m│[m }                                    [2m│[m
[2m╰──────────────────────────────────────╯[m

Text right after the code block lands in
its own paragraph.

[2m╭──────────────────────────────────────────╮[m
[2m│[m [2mcurl -sS[0m                                 [2m│[m
[2m│[m [2mhttps://example.com/really/long/path/tha[0m [2m│[m
[2m│[m [2mt/keeps/going/and/going | jq -r[0m          [2m│[m
[2m│[m [2m.items[].name[0m                            [2m│[m
[2m╰──────────────────────────────────────────╯[m

Closing paragraph.
=== width=40 screen=44 nerd=true ===
Intro paragraph before code:

[2m╭───────────────────────────────── [m[34mGo[m[2m ─╮[m
[2m│[m [35mfunc[m [34mmain[m() {                        [2m│[m
[2m│[m     fmt.[34mPrintln[m([32m"hi"[m)                [2m│[m
[2m│[m                                      [2m│[m
[2m│[m     [35mreturn[m                           [2m│[m
[2m│[m }                                    [2m│[m
[2m╰──────────────────────────────────────╯[m

Text right after the code block lands in
its own paragraph.

[2m╭──────────────────────────────────────────╮[m
[2m│[m [2mcurl -sS[0m                                 [2m│[m
[2m│[m [2mhttps://example.com/really/long/path/tha[0m [2m│[m
[2m│[m [2mt/keeps/going/and/going | jq -r[0m          [2m│[m
[2m│[m [2m.items[].name[0m                            [2m│[m
[2m╰──────────────────────────────────────────╯[m

Closing paragraph.
