■ The Article Title

An opening paragraph with italic text, bold text, inline code.Sample()
and a link that is unwrapped. It has enough words to demonstrate word
wrapping at the golden test width without breaking anything.

  ■ Lists

  - first item
  - second item with enough trailing words to force the renderer to wrap
    this entry onto a continuation line
  - parent item
    • nested item
    • another nested item
      ◦ deeply nested

   1. step one
   2. step two
   3. step three
   4. step four
   5. step five
   6. step six
   7. step seven
   8. step eight
   9. step nine
  10. step ten

  ■ Code

  func main() {
      fmt.Println("hello")
  }

    ■ Quotes

   ▎A quoted paragraph with emphasis inside of it.
   ▎A second quoted paragraph.

  ■ Media

  ●●● Image A captioned figure

A paragraph with an inline image in the middle of it.

  ●●● Image a chart

  --------------------------------------------------------------------

Name  Value
----  -----
Foo   1
Bar   2
