╭── octocat OP ───────────────────────────────── open ─ Jul 31, 2026 ──╮
│ (If you're reading this, don't.)                                     │
│                                                                      │
│ Some context, with a pointer to the spec for good measure.           │
│                                                                      │
│   - the spoon was borrowed                                           │
│   - the spoon was not returned                                       │
╰──────────────────────────────────────────────────────────────────────╯

╭── contributor ──────────────────────────────────────── Aug 1, 2026 ──╮
│ Have you tried turning it off and on again?                          │
│                                                                      │
│ ╭───────────────────────────────────────────────────────────── Go ─╮ │
│ │ func main() {                                                    │ │
│ │         fmt.Println("spoon")                                     │ │
│ │ }                                                                │ │
│ ╰──────────────────────────────────────────────────────────────────╯ │
╰──────────────────────────────────────────────────────────────────────╯

╭── octocat OP ───────────────────────────────────────── Aug 5, 2026 ──╮
│ Thanks — fixed on main now.                                          │
╰──────────────────────────────────────────────────────────────────────╯

╭── Spoonco maintainer ───────────────────────────────── Aug 5, 2026 ──╮
│ Closing once the spoon ships.                                        │
╰──────────────────────────────────────────────────────────────────────╯

                        ── 36 more on GitHub ──
